INFO:root:Solving data/SW100-8-6/sw100-1.cnf
INFO:root:Using DPLL solver.
INFO:root:The solution is valid.
INFO:root:Runtime: 2.6141 seconds
INFO:root:Memory used: 4376.0000 KB
INFO:root:Solving data/SW100-8-6/sw100-10.cnf
INFO:root:Using DPLL solver.
INFO:root:The solution is valid.
INFO:root:Runtime: 0.3327 seconds
INFO:root:Memory used: 1608.0000 KB
INFO:root:Solving data/SW100-8-6/sw100-100.cnf
INFO:root:Using DPLL solver.
INFO:root:The solution is valid.
INFO:root:Runtime: 0.3084 seconds
INFO:root:Memory used: 1576.0000 KB
INFO:root:Solving data/SW100-8-6/sw100-11.cnf
INFO:root:Using DPLL solver.
INFO:root:The solution is valid.
INFO:root:Runtime: 0.4868 seconds
INFO:root:Memory used: 812.0000 KB
INFO:root:Solving data/SW100-8-6/sw100-12.cnf
INFO:root:Using DPLL solver.
INFO:root:The solution is valid.
INFO:root:Runtime: 0.3236 seconds
INFO:root:Memory used: -1008.0000 KB
INFO:root:Solving data/SW100-8-6/sw100-13.cnf
INFO:root:Using DPLL solver.
INFO:root:The solution is valid.
INFO:root:Runtime: 0.6524 seconds
INFO:root:Memory used: 1844.0000 KB
INFO:root:Solving data/SW100-8-6/sw100-14.cnf
INFO:root:Using DPLL solver.
INFO:root:The solution is valid.
INFO:root:Runtime: 0.8419 seconds
INFO:root:Memory used: 60.0000 KB
INFO:root:Solving data/SW100-8-6/sw100-15.cnf
INFO:root:Using DPLL solver.
INFO:root:The solution is valid.
INFO:root:Runtime: 0.3234 seconds
INFO:root:Memory used: -1008.0000 KB
INFO:root:Solving data/SW100-8-6/sw100-16.cnf
INFO:root:Using DPLL solver.
INFO:root:The solution is valid.
INFO:root:Runtime: 3.0130 seconds
INFO:root:Memory used: 788.0000 KB
INFO:root:Solving data/SW100-8-6/sw100-18.cnf
INFO:root:Using DPLL solver.
INFO:root:The solution is valid.
INFO:root:Runtime: 1.0341 seconds
INFO:root:Memory used: -784.0000 KB
INFO:root:Solving data/SW100-8-6/sw100-19.cnf
INFO:root:Using DPLL solver.
INFO:root:The solution is valid.
INFO:root:Runtime: 202.6982 seconds
INFO:root:Memory used: 1424.0000 KB
INFO:root:Solving data/SW100-8-6/sw100-17.cnf
INFO:root:Using DPLL solver.
INFO:root:The solution is valid.
INFO:root:Runtime: 2.2674 seconds
INFO:root:Memory used: -1856.0000 KB
INFO:root:Solving data/SW100-8-6/sw100-2.cnf
INFO:root:Using DPLL solver.
INFO:root:The solution is valid.
INFO:root:Runtime: 0.8064 seconds
INFO:root:Memory used: 1220.0000 KB
INFO:root:Solving data/SW100-8-6/sw100-20.cnf
INFO:root:Using DPLL solver.
INFO:root:The solution is valid.
INFO:root:Runtime: 0.3275 seconds
INFO:root:Memory used: 0.0000 KB
INFO:root:Solving data/SW100-8-6/sw100-21.cnf
INFO:root:Using DPLL solver.
INFO:root:The solution is valid.
INFO:root:Runtime: 0.7050 seconds
INFO:root:Memory used: 1052.0000 KB
INFO:root:Solving data/SW100-8-6/sw100-22.cnf
INFO:root:Using DPLL solver.
INFO:root:The solution is valid.
INFO:root:Runtime: 12.2041 seconds
INFO:root:Memory used: 528.0000 KB
INFO:root:Solving data/SW100-8-6/sw100-23.cnf
INFO:root:Using DPLL solver.
INFO:root:The solution is valid.
INFO:root:Runtime: 0.3475 seconds
INFO:root:Memory used: -940.0000 KB
INFO:root:Solving data/SW100-8-6/sw100-24.cnf
INFO:root:Using DPLL solver.
INFO:root:The solution is valid.
INFO:root:Runtime: 0.2907 seconds
INFO:root:Memory used: 0.0000 KB
INFO:root:Solving data/SW100-8-6/sw100-25.cnf
INFO:root:Using DPLL solver.
INFO:root:The solution is valid.
INFO:root:Runtime: 1.1045 seconds
INFO:root:Memory used: 0.0000 KB
INFO:root:Solving data/SW100-8-6/sw100-26.cnf
INFO:root:Using DPLL solver.
INFO:root:The solution is valid.
INFO:root:Runtime: 0.3216 seconds
INFO:root:Memory used: 0.0000 KB
INFO:root:Solving data/SW100-8-6/sw100-28.cnf
INFO:root:Using DPLL solver.
INFO:root:The solution is valid.
INFO:root:Runtime: 0.3767 seconds
INFO:root:Memory used: 0.0000 KB
INFO:root:Solving data/SW100-8-6/sw100-27.cnf
INFO:root:Using DPLL solver.
INFO:root:The solution is valid.
INFO:root:Runtime: 0.5174 seconds
INFO:root:Memory used: 0.0000 KB
INFO:root:Solving data/SW100-8-6/sw100-29.cnf
INFO:root:Using DPLL solver.
INFO:root:The solution is valid.
INFO:root:Runtime: 8.9670 seconds
INFO:root:Memory used: 0.0000 KB
INFO:root:Solving data/SW100-8-6/sw100-3.cnf
INFO:root:Using DPLL solver.
INFO:root:The solution is valid.
INFO:root:Runtime: 1.2733 seconds
INFO:root:Memory used: 0.0000 KB
INFO:root:Solving data/SW100-8-6/sw100-30.cnf
INFO:root:Using DPLL solver.
INFO:root:The solution is valid.
INFO:root:Runtime: 0.6106 seconds
INFO:root:Memory used: 520.0000 KB
INFO:root:Solving data/SW100-8-6/sw100-31.cnf
INFO:root:Using DPLL solver.
INFO:root:The solution is valid.
INFO:root:Runtime: 0.8645 seconds
INFO:root:Memory used: 264.0000 KB
INFO:root:Solving data/SW100-8-6/sw100-32.cnf
INFO:root:Using DPLL solver.
INFO:root:The solution is valid.
INFO:root:Runtime: 0.9784 seconds
INFO:root:Memory used: -780.0000 KB
INFO:root:Solving data/SW100-8-6/sw100-33.cnf
INFO:root:Using DPLL solver.
INFO:root:The solution is valid.
INFO:root:Runtime: 0.3673 seconds
INFO:root:Memory used: 0.0000 KB
INFO:root:Solving data/SW100-8-6/sw100-34.cnf
INFO:root:Using DPLL solver.
INFO:root:The solution is valid.
INFO:root:Runtime: 0.4307 seconds
INFO:root:Memory used: -1008.0000 KB
INFO:root:Solving data/SW100-8-6/sw100-35.cnf
INFO:root:Using DPLL solver.
INFO:root:The solution is valid.
INFO:root:Runtime: 0.7704 seconds
INFO:root:Memory used: 0.0000 KB
INFO:root:Solving data/SW100-8-6/sw100-36.cnf
INFO:root:Using DPLL solver.
INFO:root:The solution is valid.
INFO:root:Runtime: 1.1489 seconds
INFO:root:Memory used: -1008.0000 KB
INFO:root:Solving data/SW100-8-6/sw100-37.cnf
INFO:root:Using DPLL solver.
INFO:root:The solution is valid.
INFO:root:Runtime: 0.3532 seconds
INFO:root:Memory used: 1312.0000 KB
INFO:root:Solving data/SW100-8-6/sw100-38.cnf
INFO:root:Using DPLL solver.
INFO:root:The solution is valid.
INFO:root:Runtime: 1.5099 seconds
INFO:root:Memory used: 336.0000 KB
INFO:root:Solving data/SW100-8-6/sw100-39.cnf
INFO:root:Using DPLL solver.
INFO:root:The solution is valid.
INFO:root:Runtime: 4.2270 seconds
INFO:root:Memory used: 632.0000 KB
INFO:root:Solving data/SW100-8-6/sw100-4.cnf
INFO:root:Using DPLL solver.
INFO:root:The solution is valid.
INFO:root:Runtime: 0.3046 seconds
INFO:root:Memory used: -1008.0000 KB
INFO:root:Solving data/SW100-8-6/sw100-40.cnf
INFO:root:Using DPLL solver.
INFO:root:The solution is valid.
INFO:root:Runtime: 0.5077 seconds
INFO:root:Memory used: 0.0000 KB
INFO:root:Solving data/SW100-8-6/sw100-41.cnf
INFO:root:Using DPLL solver.
INFO:root:The solution is valid.
INFO:root:Runtime: 1.1784 seconds
INFO:root:Memory used: 260.0000 KB
INFO:root:Solving data/SW100-8-6/sw100-42.cnf
INFO:root:Using DPLL solver.
INFO:root:The solution is valid.
INFO:root:Runtime: 2.2953 seconds
INFO:root:Memory used: -1524.0000 KB
INFO:root:Solving data/SW100-8-6/sw100-43.cnf
INFO:root:Using DPLL solver.
INFO:root:The solution is valid.
INFO:root:Runtime: 0.9150 seconds
INFO:root:Memory used: 260.0000 KB
INFO:root:Solving data/SW100-8-6/sw100-44.cnf
INFO:root:Using DPLL solver.
INFO:root:The solution is valid.
INFO:root:Runtime: 0.4023 seconds
INFO:root:Memory used: -260.0000 KB
INFO:root:Solving data/SW100-8-6/sw100-45.cnf
INFO:root:Using DPLL solver.
INFO:root:The solution is valid.
INFO:root:Runtime: 6.6111 seconds
INFO:root:Memory used: 1868.0000 KB
INFO:root:Solving data/SW100-8-6/sw100-46.cnf
INFO:root:Using DPLL solver.
INFO:root:The solution is valid.
INFO:root:Runtime: 0.2924 seconds
INFO:root:Memory used: -908.0000 KB
INFO:root:Solving data/SW100-8-6/sw100-47.cnf
INFO:root:Using DPLL solver.
INFO:root:The solution is valid.
INFO:root:Runtime: 0.3525 seconds
INFO:root:Memory used: -1008.0000 KB
INFO:root:Solving data/SW100-8-6/sw100-48.cnf
INFO:root:Using DPLL solver.
INFO:root:The solution is valid.
INFO:root:Runtime: 0.7711 seconds
INFO:root:Memory used: 524.0000 KB
INFO:root:Solving data/SW100-8-6/sw100-49.cnf
INFO:root:Using DPLL solver.
INFO:root:The solution is valid.
INFO:root:Runtime: 0.4041 seconds
INFO:root:Memory used: 536.0000 KB
INFO:root:Solving data/SW100-8-6/sw100-5.cnf
INFO:root:Using DPLL solver.
INFO:root:The solution is valid.
INFO:root:Runtime: 1.4787 seconds
INFO:root:Memory used: 0.0000 KB
INFO:root:Solving data/SW100-8-6/sw100-50.cnf
INFO:root:Using DPLL solver.
INFO:root:The solution is valid.
INFO:root:Runtime: 0.5422 seconds
INFO:root:Memory used: 0.0000 KB
INFO:root:Solving data/SW100-8-6/sw100-51.cnf
INFO:root:Using DPLL solver.
INFO:root:The solution is valid.
INFO:root:Runtime: 0.8097 seconds
INFO:root:Memory used: 0.0000 KB
INFO:root:Solving data/SW100-8-6/sw100-52.cnf
INFO:root:Using DPLL solver.
INFO:root:The solution is valid.
INFO:root:Runtime: 0.2956 seconds
INFO:root:Memory used: 0.0000 KB
INFO:root:Solving data/SW100-8-6/sw100-53.cnf
INFO:root:Using DPLL solver.
INFO:root:The solution is valid.
INFO:root:Runtime: 0.4386 seconds
INFO:root:Memory used: 0.0000 KB
INFO:root:Solving data/SW100-8-6/sw100-54.cnf
INFO:root:Using DPLL solver.
INFO:root:The solution is valid.
INFO:root:Runtime: 0.5663 seconds
INFO:root:Memory used: 260.0000 KB
INFO:root:Solving data/SW100-8-6/sw100-56.cnf
INFO:root:Using DPLL solver.
INFO:root:The solution is valid.
INFO:root:Runtime: 0.2958 seconds
INFO:root:Memory used: -264.0000 KB
INFO:root:Solving data/SW100-8-6/sw100-55.cnf
INFO:root:Using DPLL solver.
INFO:root:The solution is valid.
INFO:root:Runtime: 0.3028 seconds
INFO:root:Memory used: 0.0000 KB
INFO:root:Solving data/SW100-8-6/sw100-57.cnf
INFO:root:Using DPLL solver.
INFO:root:The solution is valid.
INFO:root:Runtime: 0.8435 seconds
INFO:root:Memory used: 0.0000 KB
INFO:root:Solving data/SW100-8-6/sw100-58.cnf
INFO:root:Using DPLL solver.
INFO:root:The solution is valid.
INFO:root:Runtime: 1.5379 seconds
INFO:root:Memory used: -1008.0000 KB
INFO:root:Solving data/SW100-8-6/sw100-59.cnf
INFO:root:Using DPLL solver.
INFO:root:The solution is valid.
INFO:root:Runtime: 0.4433 seconds
INFO:root:Memory used: 0.0000 KB
INFO:root:Solving data/SW100-8-6/sw100-6.cnf
INFO:root:Using DPLL solver.
INFO:root:The solution is valid.
INFO:root:Runtime: 0.5727 seconds
INFO:root:Memory used: 1104.0000 KB
INFO:root:Solving data/SW100-8-6/sw100-60.cnf
INFO:root:Using DPLL solver.
INFO:root:The solution is valid.
INFO:root:Runtime: 5.1867 seconds
INFO:root:Memory used: 128.0000 KB
INFO:root:Solving data/SW100-8-6/sw100-61.cnf
INFO:root:Using DPLL solver.
INFO:root:The solution is valid.
INFO:root:Runtime: 0.9062 seconds
INFO:root:Memory used: 0.0000 KB
INFO:root:Solving data/SW100-8-6/sw100-62.cnf
INFO:root:Using DPLL solver.
INFO:root:The solution is valid.
INFO:root:Runtime: 0.3631 seconds
INFO:root:Memory used: 0.0000 KB
INFO:root:Solving data/SW100-8-6/sw100-63.cnf
INFO:root:Using DPLL solver.
INFO:root:The solution is valid.
INFO:root:Runtime: 0.6955 seconds
INFO:root:Memory used: 0.0000 KB
INFO:root:Solving data/SW100-8-6/sw100-64.cnf
INFO:root:Using DPLL solver.
INFO:root:The solution is valid.
INFO:root:Runtime: 3.5543 seconds
INFO:root:Memory used: -432.0000 KB
INFO:root:Solving data/SW100-8-6/sw100-65.cnf
INFO:root:Using DPLL solver.
INFO:root:The solution is valid.
INFO:root:Runtime: 0.2898 seconds
INFO:root:Memory used: 0.0000 KB
INFO:root:Solving data/SW100-8-6/sw100-66.cnf
INFO:root:Using DPLL solver.
INFO:root:The solution is valid.
INFO:root:Runtime: 1.5745 seconds
INFO:root:Memory used: 0.0000 KB
INFO:root:Solving data/SW100-8-6/sw100-67.cnf
INFO:root:Using DPLL solver.
INFO:root:The solution is valid.
INFO:root:Runtime: 0.2862 seconds
INFO:root:Memory used: 0.0000 KB
INFO:root:Solving data/SW100-8-6/sw100-68.cnf
INFO:root:Using DPLL solver.
INFO:root:The solution is valid.
INFO:root:Runtime: 0.5047 seconds
INFO:root:Memory used: 260.0000 KB
INFO:root:Solving data/SW100-8-6/sw100-69.cnf
INFO:root:Using DPLL solver.
INFO:root:The solution is valid.
INFO:root:Runtime: 0.3435 seconds
INFO:root:Memory used: -52.0000 KB
INFO:root:Solving data/SW100-8-6/sw100-7.cnf
INFO:root:Using DPLL solver.
INFO:root:The solution is valid.
INFO:root:Runtime: 2.7822 seconds
INFO:root:Memory used: 0.0000 KB
INFO:root:Solving data/SW100-8-6/sw100-70.cnf
INFO:root:Using DPLL solver.
INFO:root:The solution is valid.
INFO:root:Runtime: 0.6783 seconds
INFO:root:Memory used: 0.0000 KB
INFO:root:Solving data/SW100-8-6/sw100-71.cnf
INFO:root:Using DPLL solver.
INFO:root:The solution is valid.
INFO:root:Runtime: 2.5210 seconds
INFO:root:Memory used: 524.0000 KB
INFO:root:Solving data/SW100-8-6/sw100-72.cnf
INFO:root:Using DPLL solver.
INFO:root:The solution is valid.
INFO:root:Runtime: 0.7021 seconds
INFO:root:Memory used: -520.0000 KB
INFO:root:Solving data/SW100-8-6/sw100-73.cnf
INFO:root:Using DPLL solver.
INFO:root:The solution is valid.
INFO:root:Runtime: 0.4635 seconds
INFO:root:Memory used: 316.0000 KB
INFO:root:Solving data/SW100-8-6/sw100-74.cnf
INFO:root:Using DPLL solver.
INFO:root:The solution is valid.
INFO:root:Runtime: 13.8543 seconds
INFO:root:Memory used: 1560.0000 KB
INFO:root:Solving data/SW100-8-6/sw100-75.cnf
INFO:root:Using DPLL solver.
INFO:root:The solution is valid.
INFO:root:Runtime: 0.4794 seconds
INFO:root:Memory used: -832.0000 KB
INFO:root:Solving data/SW100-8-6/sw100-76.cnf
INFO:root:Using DPLL solver.
INFO:root:The solution is valid.
INFO:root:Runtime: 3.7194 seconds
INFO:root:Memory used: 0.0000 KB
INFO:root:Solving data/SW100-8-6/sw100-77.cnf
INFO:root:Using DPLL solver.
INFO:root:The solution is valid.
INFO:root:Runtime: 0.3189 seconds
INFO:root:Memory used: 0.0000 KB
INFO:root:Solving data/SW100-8-6/sw100-78.cnf
INFO:root:Using DPLL solver.
INFO:root:The solution is valid.
INFO:root:Runtime: 2.4960 seconds
INFO:root:Memory used: 0.0000 KB
INFO:root:Solving data/SW100-8-6/sw100-79.cnf
INFO:root:Using DPLL solver.
INFO:root:The solution is valid.
INFO:root:Runtime: 0.3056 seconds
INFO:root:Memory used: -1008.0000 KB
INFO:root:Solving data/SW100-8-6/sw100-8.cnf
INFO:root:Using DPLL solver.
INFO:root:The solution is valid.
INFO:root:Runtime: 0.9001 seconds
INFO:root:Memory used: 2252.0000 KB
INFO:root:Solving data/SW100-8-6/sw100-80.cnf
INFO:root:Using DPLL solver.
INFO:root:The solution is valid.
INFO:root:Runtime: 0.6644 seconds
INFO:root:Memory used: -2252.0000 KB
INFO:root:Solving data/SW100-8-6/sw100-81.cnf
INFO:root:Using DPLL solver.
INFO:root:The solution is valid.
INFO:root:Runtime: 1.4614 seconds
INFO:root:Memory used: -896.0000 KB
INFO:root:Solving data/SW100-8-6/sw100-82.cnf
INFO:root:Using DPLL solver.
INFO:root:The solution is valid.
INFO:root:Runtime: 1.0781 seconds
INFO:root:Memory used: 2108.0000 KB
INFO:root:Solving data/SW100-8-6/sw100-83.cnf
INFO:root:Using DPLL solver.
INFO:root:The solution is valid.
INFO:root:Runtime: 0.9945 seconds
INFO:root:Memory used: -204.0000 KB
INFO:root:Solving data/SW100-8-6/sw100-84.cnf
INFO:root:Using DPLL solver.
INFO:root:The solution is valid.
INFO:root:Runtime: 1.4525 seconds
INFO:root:Memory used: -1008.0000 KB
INFO:root:Solving data/SW100-8-6/sw100-85.cnf
INFO:root:Using DPLL solver.
INFO:root:The solution is valid.
INFO:root:Runtime: 4.5177 seconds
INFO:root:Memory used: 524.0000 KB
INFO:root:Solving data/SW100-8-6/sw100-86.cnf
INFO:root:Using DPLL solver.
INFO:root:The solution is valid.
INFO:root:Runtime: 0.4011 seconds
INFO:root:Memory used: 0.0000 KB
INFO:root:Solving data/SW100-8-6/sw100-87.cnf
INFO:root:Using DPLL solver.
INFO:root:The solution is valid.
INFO:root:Runtime: 5.2684 seconds
INFO:root:Memory used: 264.0000 KB
INFO:root:Solving data/SW100-8-6/sw100-88.cnf
INFO:root:Using DPLL solver.
INFO:root:The solution is valid.
INFO:root:Runtime: 1.1222 seconds
INFO:root:Memory used: 0.0000 KB
INFO:root:Solving data/SW100-8-6/sw100-89.cnf
INFO:root:Using DPLL solver.
INFO:root:The solution is valid.
INFO:root:Runtime: 0.3157 seconds
INFO:root:Memory used: 0.0000 KB
INFO:root:Solving data/SW100-8-6/sw100-9.cnf
INFO:root:Using DPLL solver.
INFO:root:The solution is valid.
INFO:root:Runtime: 0.2887 seconds
INFO:root:Memory used: 0.0000 KB
INFO:root:Solving data/SW100-8-6/sw100-90.cnf
INFO:root:Using DPLL solver.
INFO:root:The solution is valid.
INFO:root:Runtime: 0.7046 seconds
INFO:root:Memory used: 0.0000 KB
INFO:root:Solving data/SW100-8-6/sw100-91.cnf
INFO:root:Using DPLL solver.
INFO:root:The solution is valid.
INFO:root:Runtime: 0.4282 seconds
INFO:root:Memory used: 0.0000 KB
INFO:root:Solving data/SW100-8-6/sw100-92.cnf
INFO:root:Using DPLL solver.
INFO:root:The solution is valid.
INFO:root:Runtime: 0.2888 seconds
INFO:root:Memory used: 0.0000 KB
INFO:root:Solving data/SW100-8-6/sw100-93.cnf
INFO:root:Using DPLL solver.
INFO:root:The solution is valid.
INFO:root:Runtime: 0.3774 seconds
INFO:root:Memory used: -788.0000 KB
INFO:root:Solving data/SW100-8-6/sw100-94.cnf
INFO:root:Using DPLL solver.
INFO:root:The solution is valid.
INFO:root:Runtime: 0.6875 seconds
INFO:root:Memory used: 788.0000 KB
INFO:root:Solving data/SW100-8-6/sw100-95.cnf
INFO:root:Using DPLL solver.
INFO:root:The solution is valid.
INFO:root:Runtime: 1.1222 seconds
INFO:root:Memory used: 0.0000 KB
INFO:root:Solving data/SW100-8-6/sw100-96.cnf
INFO:root:Using DPLL solver.
INFO:root:The solution is valid.
INFO:root:Runtime: 0.3296 seconds
INFO:root:Memory used: 1056.0000 KB
INFO:root:Solving data/SW100-8-6/sw100-97.cnf
INFO:root:Using DPLL solver.
INFO:root:The solution is valid.
INFO:root:Runtime: 8.0208 seconds
INFO:root:Memory used: 0.0000 KB
INFO:root:Solving data/SW100-8-6/sw100-98.cnf
INFO:root:Using DPLL solver.
INFO:root:The solution is valid.
INFO:root:Runtime: 0.3480 seconds
INFO:root:Memory used: 0.0000 KB
INFO:root:Solving data/SW100-8-6/sw100-99.cnf
INFO:root:Using DPLL solver.
INFO:root:The solution is valid.
INFO:root:Runtime: 1.1545 seconds
INFO:root:Memory used: 0.0000 KB
INFO:root:Average Runtime: 3.4951 seconds
INFO:root:Average Memory Usage: 105.8000 KB
INFO:root:Peak Runtime: 202.6982 seconds
INFO:root:Peak Memory Usage: 4376.0000 KB
INFO:root:All SAT problems in the folder were solved successfully.
