INFO:root:Solving data/UUF100.430.100/uuf100-01.cnf
INFO:root:Using DPLL solver.
INFO:root:Runtime: 19.6737 seconds
INFO:root:Memory used: 1704.0000 KB
INFO:root:Solving data/UUF100.430.100/uuf100-010.cnf
INFO:root:Using DPLL solver.
INFO:root:Runtime: 16.5167 seconds
INFO:root:Memory used: 0.0000 KB
INFO:root:Solving data/UUF100.430.100/uuf100-0100.cnf
INFO:root:Using DPLL solver.
INFO:root:Runtime: 24.8149 seconds
INFO:root:Memory used: 240.0000 KB
INFO:root:Solving data/UUF100.430.100/uuf100-011.cnf
INFO:root:Using DPLL solver.
INFO:root:Runtime: 10.4442 seconds
INFO:root:Memory used: 0.0000 KB
INFO:root:Solving data/UUF100.430.100/uuf100-012.cnf
INFO:root:Using DPLL solver.
INFO:root:Runtime: 17.6153 seconds
INFO:root:Memory used: 0.0000 KB
INFO:root:Solving data/UUF100.430.100/uuf100-013.cnf
INFO:root:Using DPLL solver.
INFO:root:Runtime: 50.7254 seconds
INFO:root:Memory used: 0.0000 KB
INFO:root:Solving data/UUF100.430.100/uuf100-015.cnf
INFO:root:Using DPLL solver.
INFO:root:Runtime: 55.4986 seconds
INFO:root:Memory used: 44.0000 KB
INFO:root:Solving data/UUF100.430.100/uuf100-014.cnf
INFO:root:Using DPLL solver.
INFO:root:Runtime: 12.4572 seconds
INFO:root:Memory used: 0.0000 KB
INFO:root:Solving data/UUF100.430.100/uuf100-016.cnf
INFO:root:Using DPLL solver.
INFO:root:Runtime: 37.8780 seconds
INFO:root:Memory used: 0.0000 KB
INFO:root:Solving data/UUF100.430.100/uuf100-017.cnf
INFO:root:Using DPLL solver.
INFO:root:Runtime: 36.3673 seconds
INFO:root:Memory used: 0.0000 KB
INFO:root:Solving data/UUF100.430.100/uuf100-018.cnf
INFO:root:Using DPLL solver.
INFO:root:Runtime: 7.4399 seconds
INFO:root:Memory used: 0.0000 KB
INFO:root:Solving data/UUF100.430.100/uuf100-019.cnf
INFO:root:Using DPLL solver.
INFO:root:Runtime: 18.3675 seconds
INFO:root:Memory used: 0.0000 KB
INFO:root:Solving data/UUF100.430.100/uuf100-02.cnf
INFO:root:Using DPLL solver.
INFO:root:Runtime: 13.0612 seconds
INFO:root:Memory used: 0.0000 KB
INFO:root:Solving data/UUF100.430.100/uuf100-020.cnf
INFO:root:Using DPLL solver.
INFO:root:Runtime: 26.0505 seconds
INFO:root:Memory used: 0.0000 KB
INFO:root:Solving data/UUF100.430.100/uuf100-021.cnf
INFO:root:Using DPLL solver.
INFO:root:Runtime: 19.1837 seconds
INFO:root:Memory used: 0.0000 KB
INFO:root:Solving data/UUF100.430.100/uuf100-022.cnf
INFO:root:Using DPLL solver.
INFO:root:Runtime: 22.5555 seconds
INFO:root:Memory used: 0.0000 KB
INFO:root:Solving data/UUF100.430.100/uuf100-023.cnf
INFO:root:Using DPLL solver.
INFO:root:Runtime: 12.0361 seconds
INFO:root:Memory used: 0.0000 KB
INFO:root:Solving data/UUF100.430.100/uuf100-024.cnf
INFO:root:Using DPLL solver.
INFO:root:Runtime: 45.6163 seconds
INFO:root:Memory used: 0.0000 KB
INFO:root:Solving data/UUF100.430.100/uuf100-025.cnf
INFO:root:Using DPLL solver.
INFO:root:Runtime: 55.9560 seconds
INFO:root:Memory used: 0.0000 KB
INFO:root:Solving data/UUF100.430.100/uuf100-027.cnf
INFO:root:Using DPLL solver.
INFO:root:Runtime: 9.6392 seconds
INFO:root:Memory used: 0.0000 KB
INFO:root:Solving data/UUF100.430.100/uuf100-026.cnf
INFO:root:Using DPLL solver.
INFO:root:Runtime: 35.0943 seconds
INFO:root:Memory used: 0.0000 KB
INFO:root:Solving data/UUF100.430.100/uuf100-028.cnf
INFO:root:Using DPLL solver.
INFO:root:Runtime: 13.3802 seconds
INFO:root:Memory used: 0.0000 KB
INFO:root:Solving data/UUF100.430.100/uuf100-029.cnf
INFO:root:Using DPLL solver.
INFO:root:Runtime: 49.7887 seconds
INFO:root:Memory used: 0.0000 KB
INFO:root:Solving data/UUF100.430.100/uuf100-03.cnf
INFO:root:Using DPLL solver.
INFO:root:Runtime: 38.2618 seconds
INFO:root:Memory used: 0.0000 KB
INFO:root:Solving data/UUF100.430.100/uuf100-030.cnf
INFO:root:Using DPLL solver.
INFO:root:Runtime: 18.9417 seconds
INFO:root:Memory used: 0.0000 KB
INFO:root:Solving data/UUF100.430.100/uuf100-031.cnf
INFO:root:Using DPLL solver.
INFO:root:Runtime: 16.4635 seconds
INFO:root:Memory used: 0.0000 KB
INFO:root:Solving data/UUF100.430.100/uuf100-032.cnf
INFO:root:Using DPLL solver.
INFO:root:Runtime: 22.0450 seconds
INFO:root:Memory used: 0.0000 KB
INFO:root:Solving data/UUF100.430.100/uuf100-033.cnf
INFO:root:Using DPLL solver.
INFO:root:Runtime: 12.8815 seconds
INFO:root:Memory used: 0.0000 KB
INFO:root:Solving data/UUF100.430.100/uuf100-034.cnf
INFO:root:Using DPLL solver.
INFO:root:Runtime: 11.0528 seconds
INFO:root:Memory used: 0.0000 KB
INFO:root:Solving data/UUF100.430.100/uuf100-036.cnf
INFO:root:Using DPLL solver.
INFO:root:Runtime: 26.0194 seconds
INFO:root:Memory used: 0.0000 KB
INFO:root:Solving data/UUF100.430.100/uuf100-035.cnf
INFO:root:Using DPLL solver.
INFO:root:Runtime: 29.4080 seconds
INFO:root:Memory used: 0.0000 KB
INFO:root:Solving data/UUF100.430.100/uuf100-037.cnf
INFO:root:Using DPLL solver.
INFO:root:Runtime: 24.9013 seconds
INFO:root:Memory used: 0.0000 KB
INFO:root:Solving data/UUF100.430.100/uuf100-038.cnf
INFO:root:Using DPLL solver.
INFO:root:Runtime: 13.6153 seconds
INFO:root:Memory used: 0.0000 KB
INFO:root:Solving data/UUF100.430.100/uuf100-039.cnf
INFO:root:Using DPLL solver.
INFO:root:Runtime: 32.3098 seconds
INFO:root:Memory used: 0.0000 KB
INFO:root:Solving data/UUF100.430.100/uuf100-04.cnf
INFO:root:Using DPLL solver.
INFO:root:Runtime: 26.0210 seconds
INFO:root:Memory used: 0.0000 KB
INFO:root:Solving data/UUF100.430.100/uuf100-040.cnf
INFO:root:Using DPLL solver.
INFO:root:Runtime: 11.8172 seconds
INFO:root:Memory used: 0.0000 KB
INFO:root:Solving data/UUF100.430.100/uuf100-041.cnf
INFO:root:Using DPLL solver.
INFO:root:Runtime: 12.2112 seconds
INFO:root:Memory used: 0.0000 KB
INFO:root:Solving data/UUF100.430.100/uuf100-042.cnf
INFO:root:Using DPLL solver.
INFO:root:Runtime: 31.6494 seconds
INFO:root:Memory used: 0.0000 KB
INFO:root:Solving data/UUF100.430.100/uuf100-043.cnf
INFO:root:Using DPLL solver.
INFO:root:Runtime: 21.9604 seconds
INFO:root:Memory used: 0.0000 KB
INFO:root:Solving data/UUF100.430.100/uuf100-044.cnf
INFO:root:Using DPLL solver.
INFO:root:Runtime: 26.1170 seconds
INFO:root:Memory used: 0.0000 KB
INFO:root:Solving data/UUF100.430.100/uuf100-045.cnf
INFO:root:Using DPLL solver.
INFO:root:Runtime: 24.7061 seconds
INFO:root:Memory used: 0.0000 KB
INFO:root:Solving data/UUF100.430.100/uuf100-046.cnf
INFO:root:Using DPLL solver.
INFO:root:Runtime: 11.8994 seconds
INFO:root:Memory used: 0.0000 KB
INFO:root:Solving data/UUF100.430.100/uuf100-047.cnf
INFO:root:Using DPLL solver.
INFO:root:Runtime: 35.8657 seconds
INFO:root:Memory used: 0.0000 KB
INFO:root:Solving data/UUF100.430.100/uuf100-048.cnf
INFO:root:Using DPLL solver.
INFO:root:Runtime: 28.7261 seconds
INFO:root:Memory used: 0.0000 KB
INFO:root:Solving data/UUF100.430.100/uuf100-049.cnf
INFO:root:Using DPLL solver.
INFO:root:Runtime: 12.1216 seconds
INFO:root:Memory used: 0.0000 KB
INFO:root:Solving data/UUF100.430.100/uuf100-05.cnf
INFO:root:Using DPLL solver.
INFO:root:Runtime: 12.3137 seconds
INFO:root:Memory used: 0.0000 KB
INFO:root:Solving data/UUF100.430.100/uuf100-050.cnf
INFO:root:Using DPLL solver.
INFO:root:Runtime: 9.6125 seconds
INFO:root:Memory used: 0.0000 KB
INFO:root:Solving data/UUF100.430.100/uuf100-051.cnf
INFO:root:Using DPLL solver.
INFO:root:Runtime: 20.2391 seconds
INFO:root:Memory used: 0.0000 KB
INFO:root:Solving data/UUF100.430.100/uuf100-052.cnf
INFO:root:Using DPLL solver.
INFO:root:Runtime: 30.0414 seconds
INFO:root:Memory used: 0.0000 KB
INFO:root:Solving data/UUF100.430.100/uuf100-053.cnf
INFO:root:Using DPLL solver.
INFO:root:Runtime: 11.0265 seconds
INFO:root:Memory used: 0.0000 KB
INFO:root:Solving data/UUF100.430.100/uuf100-054.cnf
INFO:root:Using DPLL solver.
INFO:root:Runtime: 20.2176 seconds
INFO:root:Memory used: 0.0000 KB
INFO:root:Solving data/UUF100.430.100/uuf100-055.cnf
INFO:root:Using DPLL solver.
INFO:root:Runtime: 32.7134 seconds
INFO:root:Memory used: 0.0000 KB
INFO:root:Solving data/UUF100.430.100/uuf100-056.cnf
INFO:root:Using DPLL solver.
INFO:root:Runtime: 33.1819 seconds
INFO:root:Memory used: 0.0000 KB
INFO:root:Solving data/UUF100.430.100/uuf100-057.cnf
INFO:root:Using DPLL solver.
INFO:root:Runtime: 5.4770 seconds
INFO:root:Memory used: 0.0000 KB
INFO:root:Solving data/UUF100.430.100/uuf100-058.cnf
INFO:root:Using DPLL solver.
INFO:root:Runtime: 15.2124 seconds
INFO:root:Memory used: 0.0000 KB
INFO:root:Solving data/UUF100.430.100/uuf100-059.cnf
INFO:root:Using DPLL solver.
INFO:root:Runtime: 21.7821 seconds
INFO:root:Memory used: 0.0000 KB
INFO:root:Solving data/UUF100.430.100/uuf100-06.cnf
INFO:root:Using DPLL solver.
INFO:root:Runtime: 6.1956 seconds
INFO:root:Memory used: 0.0000 KB
INFO:root:Solving data/UUF100.430.100/uuf100-060.cnf
INFO:root:Using DPLL solver.
INFO:root:Runtime: 17.7177 seconds
INFO:root:Memory used: 0.0000 KB
INFO:root:Solving data/UUF100.430.100/uuf100-061.cnf
INFO:root:Using DPLL solver.
INFO:root:Runtime: 17.7978 seconds
INFO:root:Memory used: 0.0000 KB
INFO:root:Solving data/UUF100.430.100/uuf100-062.cnf
INFO:root:Using DPLL solver.
INFO:root:Runtime: 39.0349 seconds
INFO:root:Memory used: 0.0000 KB
INFO:root:Solving data/UUF100.430.100/uuf100-063.cnf
INFO:root:Using DPLL solver.
INFO:root:Runtime: 13.1259 seconds
INFO:root:Memory used: 0.0000 KB
INFO:root:Solving data/UUF100.430.100/uuf100-064.cnf
INFO:root:Using DPLL solver.
INFO:root:Runtime: 16.2211 seconds
INFO:root:Memory used: 0.0000 KB
INFO:root:Solving data/UUF100.430.100/uuf100-065.cnf
INFO:root:Using DPLL solver.
INFO:root:Runtime: 12.4347 seconds
INFO:root:Memory used: 0.0000 KB
INFO:root:Solving data/UUF100.430.100/uuf100-066.cnf
INFO:root:Using DPLL solver.
INFO:root:Runtime: 22.0516 seconds
INFO:root:Memory used: 0.0000 KB
INFO:root:Solving data/UUF100.430.100/uuf100-067.cnf
INFO:root:Using DPLL solver.
INFO:root:Runtime: 15.5439 seconds
INFO:root:Memory used: 0.0000 KB
INFO:root:Solving data/UUF100.430.100/uuf100-068.cnf
INFO:root:Using DPLL solver.
INFO:root:Runtime: 10.2948 seconds
INFO:root:Memory used: 0.0000 KB
INFO:root:Solving data/UUF100.430.100/uuf100-069.cnf
INFO:root:Using DPLL solver.
INFO:root:Runtime: 5.3229 seconds
INFO:root:Memory used: 0.0000 KB
INFO:root:Solving data/UUF100.430.100/uuf100-07.cnf
INFO:root:Using DPLL solver.
INFO:root:Runtime: 14.8970 seconds
INFO:root:Memory used: 0.0000 KB
INFO:root:Solving data/UUF100.430.100/uuf100-070.cnf
INFO:root:Using DPLL solver.
INFO:root:Runtime: 40.5144 seconds
INFO:root:Memory used: 0.0000 KB
INFO:root:Solving data/UUF100.430.100/uuf100-071.cnf
INFO:root:Using DPLL solver.
INFO:root:Runtime: 43.2159 seconds
INFO:root:Memory used: 0.0000 KB
INFO:root:Solving data/UUF100.430.100/uuf100-072.cnf
INFO:root:Using DPLL solver.
INFO:root:Runtime: 29.6403 seconds
INFO:root:Memory used: 0.0000 KB
INFO:root:Solving data/UUF100.430.100/uuf100-073.cnf
INFO:root:Using DPLL solver.
INFO:root:Runtime: 20.3973 seconds
INFO:root:Memory used: 0.0000 KB
INFO:root:Solving data/UUF100.430.100/uuf100-074.cnf
INFO:root:Using DPLL solver.
INFO:root:Runtime: 19.3016 seconds
INFO:root:Memory used: 0.0000 KB
INFO:root:Solving data/UUF100.430.100/uuf100-075.cnf
INFO:root:Using DPLL solver.
INFO:root:Runtime: 8.9422 seconds
INFO:root:Memory used: 0.0000 KB
INFO:root:Solving data/UUF100.430.100/uuf100-076.cnf
INFO:root:Using DPLL solver.
INFO:root:Runtime: 10.5340 seconds
INFO:root:Memory used: 0.0000 KB
INFO:root:Solving data/UUF100.430.100/uuf100-077.cnf
INFO:root:Using DPLL solver.
INFO:root:Runtime: 7.5704 seconds
INFO:root:Memory used: 0.0000 KB
INFO:root:Solving data/UUF100.430.100/uuf100-078.cnf
INFO:root:Using DPLL solver.
INFO:root:Runtime: 13.8513 seconds
INFO:root:Memory used: 0.0000 KB
INFO:root:Solving data/UUF100.430.100/uuf100-079.cnf
INFO:root:Using DPLL solver.
INFO:root:Runtime: 4.5989 seconds
INFO:root:Memory used: 0.0000 KB
INFO:root:Solving data/UUF100.430.100/uuf100-08.cnf
INFO:root:Using DPLL solver.
INFO:root:Runtime: 16.5234 seconds
INFO:root:Memory used: 0.0000 KB
INFO:root:Solving data/UUF100.430.100/uuf100-080.cnf
INFO:root:Using DPLL solver.
INFO:root:Runtime: 9.2063 seconds
INFO:root:Memory used: 0.0000 KB
INFO:root:Solving data/UUF100.430.100/uuf100-081.cnf
INFO:root:Using DPLL solver.
INFO:root:Runtime: 8.5131 seconds
INFO:root:Memory used: 0.0000 KB
INFO:root:Solving data/UUF100.430.100/uuf100-082.cnf
INFO:root:Using DPLL solver.
INFO:root:Runtime: 9.3389 seconds
INFO:root:Memory used: 0.0000 KB
INFO:root:Solving data/UUF100.430.100/uuf100-083.cnf
INFO:root:Using DPLL solver.
INFO:root:Runtime: 59.4935 seconds
INFO:root:Memory used: 0.0000 KB
INFO:root:Solving data/UUF100.430.100/uuf100-084.cnf
INFO:root:Using DPLL solver.
INFO:root:Runtime: 18.2667 seconds
INFO:root:Memory used: 0.0000 KB
INFO:root:Solving data/UUF100.430.100/uuf100-085.cnf
INFO:root:Using DPLL solver.
INFO:root:Runtime: 55.2668 seconds
INFO:root:Memory used: 0.0000 KB
INFO:root:Solving data/UUF100.430.100/uuf100-086.cnf
INFO:root:Using DPLL solver.
INFO:root:Runtime: 8.6875 seconds
INFO:root:Memory used: 0.0000 KB
INFO:root:Solving data/UUF100.430.100/uuf100-088.cnf
INFO:root:Using DPLL solver.
INFO:root:Runtime: 13.2619 seconds
INFO:root:Memory used: 0.0000 KB
INFO:root:Solving data/UUF100.430.100/uuf100-087.cnf
INFO:root:Using DPLL solver.
INFO:root:Runtime: 10.7832 seconds
INFO:root:Memory used: 0.0000 KB
INFO:root:Solving data/UUF100.430.100/uuf100-089.cnf
INFO:root:Using DPLL solver.
INFO:root:Runtime: 18.2997 seconds
INFO:root:Memory used: 0.0000 KB
INFO:root:Solving data/UUF100.430.100/uuf100-09.cnf
INFO:root:Using DPLL solver.
INFO:root:Runtime: 44.2791 seconds
INFO:root:Memory used: 0.0000 KB
INFO:root:Solving data/UUF100.430.100/uuf100-090.cnf
INFO:root:Using DPLL solver.
INFO:root:Runtime: 9.0490 seconds
INFO:root:Memory used: 0.0000 KB
INFO:root:Solving data/UUF100.430.100/uuf100-092.cnf
INFO:root:Using DPLL solver.
INFO:root:Runtime: 9.4862 seconds
INFO:root:Memory used: 0.0000 KB
INFO:root:Solving data/UUF100.430.100/uuf100-091.cnf
INFO:root:Using DPLL solver.
INFO:root:Runtime: 24.7866 seconds
INFO:root:Memory used: 0.0000 KB
INFO:root:Solving data/UUF100.430.100/uuf100-093.cnf
INFO:root:Using DPLL solver.
INFO:root:Runtime: 63.8858 seconds
INFO:root:Memory used: 0.0000 KB
INFO:root:Solving data/UUF100.430.100/uuf100-094.cnf
INFO:root:Using DPLL solver.
INFO:root:Runtime: 28.1913 seconds
INFO:root:Memory used: 0.0000 KB
INFO:root:Solving data/UUF100.430.100/uuf100-095.cnf
INFO:root:Using DPLL solver.
INFO:root:Runtime: 20.3919 seconds
INFO:root:Memory used: 0.0000 KB
INFO:root:Solving data/UUF100.430.100/uuf100-096.cnf
INFO:root:Using DPLL solver.
INFO:root:Runtime: 12.7382 seconds
INFO:root:Memory used: 0.0000 KB
INFO:root:Solving data/UUF100.430.100/uuf100-097.cnf
INFO:root:Using DPLL solver.
INFO:root:Runtime: 18.9042 seconds
INFO:root:Memory used: 0.0000 KB
INFO:root:Solving data/UUF100.430.100/uuf100-098.cnf
INFO:root:Using DPLL solver.
INFO:root:Runtime: 8.8808 seconds
INFO:root:Memory used: 0.0000 KB
INFO:root:Solving data/UUF100.430.100/uuf100-099.cnf
INFO:root:Using DPLL solver.
INFO:root:Runtime: 13.2502 seconds
INFO:root:Memory used: 0.0000 KB
INFO:root:Average Runtime: 21.8166 seconds
INFO:root:Average Memory Usage: 19.8800 KB
INFO:root:Peak Runtime: 63.8858 seconds
INFO:root:Peak Memory Usage: 1704.0000 KB
INFO:root:All SAT problems in the folder were solved successfully.
